<?xml version="1.0" encoding="utf-8"?><testsuites><testsuite name="pytest" errors="0" failures="0" skipped="0" tests="2" time="0.664" timestamp="2026-08-05T15:20:27.937374-07:00" hostname="Erics-MacBook-Pro.local"><testcase classname="tests.test_app" name="test_health" time="0.013" /><testcase classname="tests.test_app" name="test_widget_count" time="0.004" /></testsuite></testsuites>